---
source: src/internal/parser/functional.rs
expression: tree
---
Concat(
    Node {
        node: NonTerminal(
            "program",
            Node {
                node: Rule(
                    NonTerminal(
                        "rule",
                        Node {
                            node: Terminal(
                                "SEMI",
                                Node {
                                    node: Epsilon,
                                    _marker: PhantomData<rantlr::ast::marked::DefaultMarker>,
                                    annotations: {},
                                },
                            ),
                            _marker: PhantomData<rantlr::ast::marked::DefaultMarker>,
                            annotations: {},
                        },
                    ),
                    Node {
                        node: Concat(
                            Node {
                                node: Rule(
                                    NonTerminal(
                                        "rule",
                                        Node {
                                            node: Terminal(
                                                "SEMI",
                                                Node {
                                                    node: NonTerminal(
                                                        "program",
                                                        Node {
                                                            node: Epsilon,
                                                            _marker: PhantomData<rantlr::ast::marked::DefaultMarker>,
                                                            annotations: {},
                                                        },
                                                    ),
                                                    _marker: PhantomData<rantlr::ast::marked::DefaultMarker>,
                                                    annotations: {},
                                                },
                                            ),
                                            _marker: PhantomData<rantlr::ast::marked::DefaultMarker>,
                                            annotations: {},
                                        },
                                    ),
                                    Node {
                                        node: Epsilon,
                                        _marker: PhantomData<rantlr::ast::marked::DefaultMarker>,
                                        annotations: {},
                                    },
                                ),
                                _marker: PhantomData<rantlr::ast::marked::DefaultMarker>,
                                annotations: {},
                            },
                        ),
                        _marker: PhantomData<rantlr::ast::marked::DefaultMarker>,
                        annotations: {},
                    },
                ),
                _marker: PhantomData<rantlr::ast::marked::DefaultMarker>,
                annotations: {},
            },
        ),
        _marker: PhantomData<rantlr::ast::marked::DefaultMarker>,
        annotations: {},
    },
    Node {
        node: Epsilon,
        _marker: PhantomData<rantlr::ast::marked::DefaultMarker>,
        annotations: {},
    },
)
